// Jest Snapshot v1, https://goo.gl/fbAQLP

exports[`Header renders correctly 1`] = `
<h1
  style={
    Object {
      "marginBottom": "10px",
    }
  }
>
  This is a title!
</h1>
`;
